// Jest Snapshot v1, https://goo.gl/fbAQLP

exports[`App component renders App 1`] = `
<Fragment>
  <Header />
  <BrowserRouter>
    <Switch>
      <Route
        component={[Function]}
        exact={true}
        path="/"
      />
      <Route
        component={[Function]}
        path="/list/:search"
      />
      <Route
        component={[Function]}
        path="/character/:id"
      />
    </Switch>
  </BrowserRouter>
  <Footer />
</Fragment>
`;
