// Jest Snapshot v1, https://goo.gl/fbAQLP

exports[`Character component renders Character 1`] = `
<div>
  <figure>
    <img />
    <figcaption />
  </figure>
</div>
`;
